INFO:     Started server process [38304]
INFO:     Waiting for application startup.
INFO:     Application startup complete.
INFO:     Uvicorn running on http://0.0.0.0:8001 (Press CTRL+C to quit)
Run time of job "sync_download_status (trigger: interval[0:01:00], next run at: 2026-01-24 11:31:49 CST)" was missed by 0:00:01.407379
Run time of job "check_expired_torrents (trigger: interval[0:02:00], next run at: 2026-01-24 11:33:49 CST)" was missed by 0:00:01.322481
Run time of job "sync_download_status (trigger: interval[0:01:00], next run at: 2026-01-24 11:32:49 CST)" was missed by 0:00:01.323605
Run time of job "sync_download_status (trigger: interval[0:01:00], next run at: 2026-01-24 11:33:49 CST)" was missed by 0:00:01.306754
Run time of job "check_expired_torrents (trigger: interval[0:02:00], next run at: 2026-01-24 11:35:49 CST)" was missed by 0:00:01.284658
Run time of job "sync_download_status (trigger: interval[0:01:00], next run at: 2026-01-24 11:34:49 CST)" was missed by 0:00:01.285215
Run time of job "sync_download_status (trigger: interval[0:01:00], next run at: 2026-01-24 11:35:49 CST)" was missed by 0:00:01.365088
Run time of job "check_expired_torrents (trigger: interval[0:02:00], next run at: 2026-01-24 11:37:49 CST)" was missed by 0:00:01.355985
Run time of job "sync_download_status (trigger: interval[0:01:00], next run at: 2026-01-24 11:36:49 CST)" was missed by 0:00:01.356561
Run time of job "sync_download_status (trigger: interval[0:01:00], next run at: 2026-01-24 11:37:49 CST)" was missed by 0:00:01.275971
Run time of job "check_expired_torrents (trigger: interval[0:02:00], next run at: 2026-01-24 11:39:49 CST)" was missed by 0:00:01.319855
Run time of job "sync_download_status (trigger: interval[0:01:00], next run at: 2026-01-24 11:38:49 CST)" was missed by 0:00:01.320390
Run time of job "sync_download_status (trigger: interval[0:01:00], next run at: 2026-01-24 11:39:49 CST)" was missed by 0:00:01.305563
Run time of job "check_expired_torrents (trigger: interval[0:02:00], next run at: 2026-01-24 11:41:49 CST)" was missed by 0:00:01.216884
Run time of job "sync_download_status (trigger: interval[0:01:00], next run at: 2026-01-24 11:40:49 CST)" was missed by 0:00:01.217417
Run time of job "check_unregistered_torrents (trigger: interval[0:10:00], next run at: 2026-01-24 11:49:49 CST)" was missed by 0:00:01.217939
Execution of job "sync_download_status (trigger: interval[0:01:00], next run at: 2026-01-24 11:41:49 CST)" skipped: maximum number of running instances reached (1)
Execution of job "sync_download_status (trigger: interval[0:01:00], next run at: 2026-01-24 11:42:49 CST)" skipped: maximum number of running instances reached (1)
Execution of job "sync_download_status (trigger: interval[0:01:00], next run at: 2026-01-24 11:43:49 CST)" skipped: maximum number of running instances reached (1)
Run time of job "check_expired_torrents (trigger: interval[0:02:00], next run at: 2026-01-24 11:45:49 CST)" was missed by 0:00:01.301097
Run time of job "sync_download_status (trigger: interval[0:01:00], next run at: 2026-01-24 11:45:49 CST)" was missed by 0:00:01.444507
Run time of job "check_expired_torrents (trigger: interval[0:02:00], next run at: 2026-01-24 11:47:49 CST)" was missed by 0:00:01.309421
Run time of job "sync_download_status (trigger: interval[0:01:00], next run at: 2026-01-24 11:46:49 CST)" was missed by 0:00:01.310085
Execution of job "sync_download_status (trigger: interval[0:01:00], next run at: 2026-01-24 11:47:49 CST)" skipped: maximum number of running instances reached (1)
Execution of job "sync_download_status (trigger: interval[0:01:00], next run at: 2026-01-24 11:48:49 CST)" skipped: maximum number of running instances reached (1)
Execution of job "sync_download_status (trigger: interval[0:01:00], next run at: 2026-01-24 11:49:49 CST)" skipped: maximum number of running instances reached (1)
Run time of job "auto_download_torrents (trigger: interval[0:01:00], next run at: 2026-01-24 11:50:49 CST)" was missed by 0:00:01.283201
Run time of job "check_expired_torrents (trigger: interval[0:02:00], next run at: 2026-01-24 11:51:49 CST)" was missed by 0:00:01.283804
Run time of job "check_unregistered_torrents (trigger: interval[0:10:00], next run at: 2026-01-24 11:59:49 CST)" was missed by 0:00:01.284432
Run time of job "sync_download_status (trigger: interval[0:01:00], next run at: 2026-01-24 11:51:49 CST)" was missed by 0:00:01.296771
Run time of job "check_expired_torrents (trigger: interval[0:02:00], next run at: 2026-01-24 11:53:49 CST)" was missed by 0:00:01.261650
Run time of job "sync_download_status (trigger: interval[0:01:00], next run at: 2026-01-24 11:52:49 CST)" was missed by 0:00:01.262107
Run time of job "sync_download_status (trigger: interval[0:01:00], next run at: 2026-01-24 11:53:49 CST)" was missed by 0:00:01.257501
Run time of job "check_expired_torrents (trigger: interval[0:02:00], next run at: 2026-01-24 11:55:49 CST)" was missed by 0:00:01.277112
Run time of job "sync_download_status (trigger: interval[0:01:00], next run at: 2026-01-24 11:54:49 CST)" was missed by 0:00:01.277772
Run time of job "sync_download_status (trigger: interval[0:01:00], next run at: 2026-01-24 11:55:49 CST)" was missed by 0:00:01.291006
Run time of job "check_expired_torrents (trigger: interval[0:02:00], next run at: 2026-01-24 11:57:49 CST)" was missed by 0:00:01.291505
Run time of job "sync_download_status (trigger: interval[0:01:00], next run at: 2026-01-24 11:56:49 CST)" was missed by 0:00:01.292152
Run time of job "sync_download_status (trigger: interval[0:01:00], next run at: 2026-01-24 11:57:49 CST)" was missed by 0:00:01.270144
Run time of job "check_expired_torrents (trigger: interval[0:02:00], next run at: 2026-01-24 11:59:49 CST)" was missed by 0:00:01.232637
Run time of job "sync_download_status (trigger: interval[0:01:00], next run at: 2026-01-24 11:58:49 CST)" was missed by 0:00:01.233081
Run time of job "sync_download_status (trigger: interval[0:01:00], next run at: 2026-01-24 11:59:49 CST)" was missed by 0:00:01.275670
Run time of job "check_expired_torrents (trigger: interval[0:02:00], next run at: 2026-01-24 12:01:49 CST)" was missed by 0:00:01.922962
Run time of job "check_dynamic_delete (trigger: interval[0:30:00], next run at: 2026-01-24 12:29:49 CST)" was missed by 0:00:01.923320
Run time of job "sync_download_status (trigger: interval[0:01:00], next run at: 2026-01-24 12:00:49 CST)" was missed by 0:00:01.923622
Run time of job "check_unregistered_torrents (trigger: interval[0:10:00], next run at: 2026-01-24 12:09:49 CST)" was missed by 0:00:01.923931
Run time of job "sync_download_status (trigger: interval[0:01:00], next run at: 2026-01-24 12:01:49 CST)" was missed by 0:00:01.339931
Run time of job "check_expired_torrents (trigger: interval[0:02:00], next run at: 2026-01-24 12:03:49 CST)" was missed by 0:00:01.332792
Run time of job "sync_download_status (trigger: interval[0:01:00], next run at: 2026-01-24 12:02:49 CST)" was missed by 0:00:01.333510
Run time of job "sync_download_status (trigger: interval[0:01:00], next run at: 2026-01-24 12:03:49 CST)" was missed by 0:00:01.297402
Run time of job "check_expired_torrents (trigger: interval[0:02:00], next run at: 2026-01-24 12:05:49 CST)" was missed by 0:00:01.274248
Run time of job "sync_download_status (trigger: interval[0:01:00], next run at: 2026-01-24 12:04:49 CST)" was missed by 0:00:01.274793
Run time of job "sync_download_status (trigger: interval[0:01:00], next run at: 2026-01-24 12:05:49 CST)" was missed by 0:00:01.255760
Run time of job "check_expired_torrents (trigger: interval[0:02:00], next run at: 2026-01-24 12:07:49 CST)" was missed by 0:00:01.346229
Run time of job "sync_download_status (trigger: interval[0:01:00], next run at: 2026-01-24 12:06:49 CST)" was missed by 0:00:01.346808
Run time of job "sync_download_status (trigger: interval[0:01:00], next run at: 2026-01-24 12:07:49 CST)" was missed by 0:00:01.385018
Run time of job "check_expired_torrents (trigger: interval[0:02:00], next run at: 2026-01-24 12:09:49 CST)" was missed by 0:00:01.264547
Run time of job "sync_download_status (trigger: interval[0:01:00], next run at: 2026-01-24 12:08:49 CST)" was missed by 0:00:01.265222
Run time of job "sync_download_status (trigger: interval[0:01:00], next run at: 2026-01-24 12:09:49 CST)" was missed by 0:00:01.339791
Run time of job "auto_download_torrents (trigger: interval[0:01:00], next run at: 2026-01-24 12:10:49 CST)" was missed by 0:00:01.384042
Run time of job "check_expired_torrents (trigger: interval[0:02:00], next run at: 2026-01-24 12:11:49 CST)" was missed by 0:00:01.384577
Run time of job "sync_download_status (trigger: interval[0:01:00], next run at: 2026-01-24 12:10:49 CST)" was missed by 0:00:01.384932
Run time of job "check_unregistered_torrents (trigger: interval[0:10:00], next run at: 2026-01-24 12:19:49 CST)" was missed by 0:00:01.385346
Run time of job "sync_download_status (trigger: interval[0:01:00], next run at: 2026-01-24 12:11:49 CST)" was missed by 0:00:01.292662
Execution of job "sync_download_status (trigger: interval[0:01:00], next run at: 2026-01-24 12:12:49 CST)" skipped: maximum number of running instances reached (1)
Execution of job "sync_download_status (trigger: interval[0:01:00], next run at: 2026-01-24 12:13:49 CST)" skipped: maximum number of running instances reached (1)
Execution of job "sync_download_status (trigger: interval[0:01:00], next run at: 2026-01-24 12:14:49 CST)" skipped: maximum number of running instances reached (1)
Execution of job "sync_download_status (trigger: interval[0:01:00], next run at: 2026-01-24 12:16:49 CST)" skipped: maximum number of running instances reached (1)
Execution of job "sync_download_status (trigger: interval[0:01:00], next run at: 2026-01-24 12:17:49 CST)" skipped: maximum number of running instances reached (1)
Execution of job "sync_download_status (trigger: interval[0:01:00], next run at: 2026-01-24 12:18:49 CST)" skipped: maximum number of running instances reached (1)
Run time of job "check_expired_torrents (trigger: interval[0:02:00], next run at: 2026-01-24 12:21:49 CST)" was missed by 0:00:01.251211
Run time of job "sync_download_status (trigger: interval[0:01:00], next run at: 2026-01-24 12:20:49 CST)" was missed by 0:00:01.251888
Run time of job "check_unregistered_torrents (trigger: interval[0:10:00], next run at: 2026-01-24 12:29:49 CST)" was missed by 0:00:01.252429
Execution of job "sync_download_status (trigger: interval[0:01:00], next run at: 2026-01-24 12:21:49 CST)" skipped: maximum number of running instances reached (1)
Execution of job "sync_download_status (trigger: interval[0:01:00], next run at: 2026-01-24 12:22:49 CST)" skipped: maximum number of running instances reached (1)
Execution of job "sync_download_status (trigger: interval[0:01:00], next run at: 2026-01-24 12:23:49 CST)" skipped: maximum number of running instances reached (1)
Execution of job "sync_download_status (trigger: interval[0:01:00], next run at: 2026-01-24 12:25:49 CST)" skipped: maximum number of running instances reached (1)
Execution of job "sync_download_status (trigger: interval[0:01:00], next run at: 2026-01-24 12:26:49 CST)" skipped: maximum number of running instances reached (1)
Execution of job "sync_download_status (trigger: interval[0:01:00], next run at: 2026-01-24 12:27:49 CST)" skipped: maximum number of running instances reached (1)
Execution of job "sync_download_status (trigger: interval[0:01:00], next run at: 2026-01-24 12:28:49 CST)" skipped: maximum number of running instances reached (1)
Run time of job "check_expired_torrents (trigger: interval[0:02:00], next run at: 2026-01-24 12:31:49 CST)" was missed by 0:00:01.202166
Run time of job "check_dynamic_delete (trigger: interval[0:30:00], next run at: 2026-01-24 12:59:49 CST)" was missed by 0:00:01.204600
Run time of job "sync_download_status (trigger: interval[0:01:00], next run at: 2026-01-24 12:30:49 CST)" was missed by 0:00:01.204913
Run time of job "check_unregistered_torrents (trigger: interval[0:10:00], next run at: 2026-01-24 12:39:49 CST)" was missed by 0:00:01.205179
Execution of job "sync_download_status (trigger: interval[0:01:00], next run at: 2026-01-24 12:31:49 CST)" skipped: maximum number of running instances reached (1)
Execution of job "sync_download_status (trigger: interval[0:01:00], next run at: 2026-01-24 12:32:49 CST)" skipped: maximum number of running instances reached (1)
Execution of job "sync_download_status (trigger: interval[0:01:00], next run at: 2026-01-24 12:33:49 CST)" skipped: maximum number of running instances reached (1)
Run time of job "sync_download_status (trigger: interval[0:01:00], next run at: 2026-01-24 12:35:49 CST)" was missed by 0:00:01.274656
Run time of job "check_expired_torrents (trigger: interval[0:02:00], next run at: 2026-01-24 12:37:49 CST)" was missed by 0:00:01.274178
Run time of job "sync_download_status (trigger: interval[0:01:00], next run at: 2026-01-24 12:36:49 CST)" was missed by 0:00:01.274724
Run time of job "sync_download_status (trigger: interval[0:01:00], next run at: 2026-01-24 12:37:49 CST)" was missed by 0:00:01.287482
Execution of job "sync_download_status (trigger: interval[0:01:00], next run at: 2026-01-24 12:38:49 CST)" skipped: maximum number of running instances reached (1)
Execution of job "sync_download_status (trigger: interval[0:01:00], next run at: 2026-01-24 12:39:49 CST)" skipped: maximum number of running instances reached (1)
Run time of job "auto_download_torrents (trigger: interval[0:01:00], next run at: 2026-01-24 12:40:49 CST)" was missed by 0:00:01.075670
Run time of job "check_expired_torrents (trigger: interval[0:02:00], next run at: 2026-01-24 12:41:49 CST)" was missed by 0:00:01.076566
Run time of job "check_unregistered_torrents (trigger: interval[0:10:00], next run at: 2026-01-24 12:49:49 CST)" was missed by 0:00:01.077447
Execution of job "sync_download_status (trigger: interval[0:01:00], next run at: 2026-01-24 12:40:49 CST)" skipped: maximum number of running instances reached (1)
Run time of job "check_expired_torrents (trigger: interval[0:02:00], next run at: 2026-01-24 12:43:49 CST)" was missed by 0:00:01.666061
Run time of job "sync_download_status (trigger: interval[0:01:00], next run at: 2026-01-24 12:42:49 CST)" was missed by 0:00:01.667756
Run time of job "sync_download_status (trigger: interval[0:01:00], next run at: 2026-01-24 12:43:49 CST)" was missed by 0:00:01.521073
Run time of job "check_expired_torrents (trigger: interval[0:02:00], next run at: 2026-01-24 12:45:49 CST)" was missed by 0:00:01.474489
Run time of job "sync_download_status (trigger: interval[0:01:00], next run at: 2026-01-24 12:44:49 CST)" was missed by 0:00:01.475780
Run time of job "sync_download_status (trigger: interval[0:01:00], next run at: 2026-01-24 12:45:49 CST)" was missed by 0:00:01.364988
Run time of job "check_expired_torrents (trigger: interval[0:02:00], next run at: 2026-01-24 12:47:49 CST)" was missed by 0:00:01.426754
Run time of job "sync_download_status (trigger: interval[0:01:00], next run at: 2026-01-24 12:46:49 CST)" was missed by 0:00:01.427189
Run time of job "sync_download_status (trigger: interval[0:01:00], next run at: 2026-01-24 12:47:49 CST)" was missed by 0:00:01.379201
Run time of job "check_expired_torrents (trigger: interval[0:02:00], next run at: 2026-01-24 12:49:49 CST)" was missed by 0:00:01.396466
Run time of job "sync_download_status (trigger: interval[0:01:00], next run at: 2026-01-24 12:48:49 CST)" was missed by 0:00:01.397323
Run time of job "sync_download_status (trigger: interval[0:01:00], next run at: 2026-01-24 12:49:49 CST)" was missed by 0:00:01.288667
Run time of job "auto_download_torrents (trigger: interval[0:01:00], next run at: 2026-01-24 12:50:49 CST)" was missed by 0:00:01.812254
Run time of job "check_expired_torrents (trigger: interval[0:02:00], next run at: 2026-01-24 12:51:49 CST)" was missed by 0:00:01.812736
Run time of job "sync_download_status (trigger: interval[0:01:00], next run at: 2026-01-24 12:50:49 CST)" was missed by 0:00:01.813267
Run time of job "check_unregistered_torrents (trigger: interval[0:10:00], next run at: 2026-01-24 12:59:49 CST)" was missed by 0:00:01.813867
Run time of job "sync_download_status (trigger: interval[0:01:00], next run at: 2026-01-24 12:51:49 CST)" was missed by 0:00:01.411632
Run time of job "check_expired_torrents (trigger: interval[0:02:00], next run at: 2026-01-24 12:53:49 CST)" was missed by 0:00:03.847211
Run time of job "sync_download_status (trigger: interval[0:01:00], next run at: 2026-01-24 12:52:49 CST)" was missed by 0:00:03.856883
Run time of job "sync_download_status (trigger: interval[0:01:00], next run at: 2026-01-24 12:53:49 CST)" was missed by 0:00:02.017659
Run time of job "check_expired_torrents (trigger: interval[0:02:00], next run at: 2026-01-24 12:55:49 CST)" was missed by 0:00:01.450315
Run time of job "sync_download_status (trigger: interval[0:01:00], next run at: 2026-01-24 12:54:49 CST)" was missed by 0:00:01.450790
Run time of job "sync_download_status (trigger: interval[0:01:00], next run at: 2026-01-24 12:55:49 CST)" was missed by 0:00:01.832837
Run time of job "check_expired_torrents (trigger: interval[0:02:00], next run at: 2026-01-24 12:57:49 CST)" was missed by 0:00:01.461888
Run time of job "sync_download_status (trigger: interval[0:01:00], next run at: 2026-01-24 12:56:49 CST)" was missed by 0:00:01.462484
Run time of job "sync_download_status (trigger: interval[0:01:00], next run at: 2026-01-24 12:57:49 CST)" was missed by 0:00:01.351634
Run time of job "check_expired_torrents (trigger: interval[0:02:00], next run at: 2026-01-24 12:59:49 CST)" was missed by 0:00:01.339876
Run time of job "sync_download_status (trigger: interval[0:01:00], next run at: 2026-01-24 12:58:49 CST)" was missed by 0:00:01.341290
Run time of job "sync_download_status (trigger: interval[0:01:00], next run at: 2026-01-24 12:59:49 CST)" was missed by 0:00:01.440368
Run time of job "auto_download_torrents (trigger: interval[0:01:00], next run at: 2026-01-24 13:00:49 CST)" was missed by 0:00:01.285742
Run time of job "check_expired_torrents (trigger: interval[0:02:00], next run at: 2026-01-24 13:01:49 CST)" was missed by 0:00:01.286234
Run time of job "check_dynamic_delete (trigger: interval[0:30:00], next run at: 2026-01-24 13:29:49 CST)" was missed by 0:00:01.286553
Run time of job "sync_download_status (trigger: interval[0:01:00], next run at: 2026-01-24 13:00:49 CST)" was missed by 0:00:01.286894
Run time of job "check_unregistered_torrents (trigger: interval[0:10:00], next run at: 2026-01-24 13:09:49 CST)" was missed by 0:00:01.287804
Run time of job "sync_download_status (trigger: interval[0:01:00], next run at: 2026-01-24 13:01:49 CST)" was missed by 0:00:02.055836
Run time of job "check_expired_torrents (trigger: interval[0:02:00], next run at: 2026-01-24 13:03:49 CST)" was missed by 0:00:01.424739
Run time of job "sync_download_status (trigger: interval[0:01:00], next run at: 2026-01-24 13:02:49 CST)" was missed by 0:00:01.425586
Run time of job "sync_download_status (trigger: interval[0:01:00], next run at: 2026-01-24 13:03:49 CST)" was missed by 0:00:01.337099
Run time of job "check_expired_torrents (trigger: interval[0:02:00], next run at: 2026-01-24 13:05:49 CST)" was missed by 0:00:01.297053
Run time of job "sync_download_status (trigger: interval[0:01:00], next run at: 2026-01-24 13:04:49 CST)" was missed by 0:00:01.297567
Run time of job "sync_download_status (trigger: interval[0:01:00], next run at: 2026-01-24 13:05:49 CST)" was missed by 0:00:01.420577
Run time of job "check_expired_torrents (trigger: interval[0:02:00], next run at: 2026-01-24 13:07:49 CST)" was missed by 0:00:01.321792
Run time of job "sync_download_status (trigger: interval[0:01:00], next run at: 2026-01-24 13:06:49 CST)" was missed by 0:00:01.322311
Run time of job "sync_download_status (trigger: interval[0:01:00], next run at: 2026-01-24 13:07:49 CST)" was missed by 0:00:01.266738
Run time of job "check_expired_torrents (trigger: interval[0:02:00], next run at: 2026-01-24 13:09:49 CST)" was missed by 0:00:01.416842
Run time of job "sync_download_status (trigger: interval[0:01:00], next run at: 2026-01-24 13:08:49 CST)" was missed by 0:00:01.417397
Run time of job "sync_download_status (trigger: interval[0:01:00], next run at: 2026-01-24 13:09:49 CST)" was missed by 0:00:01.661247
Run time of job "auto_download_torrents (trigger: interval[0:01:00], next run at: 2026-01-24 13:10:49 CST)" was missed by 0:00:01.731688
Run time of job "check_expired_torrents (trigger: interval[0:02:00], next run at: 2026-01-24 13:11:49 CST)" was missed by 0:00:01.734230
Run time of job "sync_download_status (trigger: interval[0:01:00], next run at: 2026-01-24 13:10:49 CST)" was missed by 0:00:01.736121
Run time of job "check_unregistered_torrents (trigger: interval[0:10:00], next run at: 2026-01-24 13:19:49 CST)" was missed by 0:00:01.737207
Run time of job "sync_download_status (trigger: interval[0:01:00], next run at: 2026-01-24 13:11:49 CST)" was missed by 0:00:01.358594
Run time of job "check_expired_torrents (trigger: interval[0:02:00], next run at: 2026-01-24 13:13:49 CST)" was missed by 0:00:01.390992
Run time of job "sync_download_status (trigger: interval[0:01:00], next run at: 2026-01-24 13:12:49 CST)" was missed by 0:00:01.391647
Execution of job "sync_download_status (trigger: interval[0:01:00], next run at: 2026-01-24 13:13:49 CST)" skipped: maximum number of running instances reached (1)
Run time of job "check_expired_torrents (trigger: interval[0:02:00], next run at: 2026-01-24 13:15:49 CST)" was missed by 0:00:01.250705
Execution of job "sync_download_status (trigger: interval[0:01:00], next run at: 2026-01-24 13:14:49 CST)" skipped: maximum number of running instances reached (1)
Execution of job "sync_download_status (trigger: interval[0:01:00], next run at: 2026-01-24 13:15:49 CST)" skipped: maximum number of running instances reached (1)
Run time of job "check_expired_torrents (trigger: interval[0:02:00], next run at: 2026-01-24 13:17:49 CST)" was missed by 0:00:01.321254
Run time of job "sync_download_status (trigger: interval[0:01:00], next run at: 2026-01-24 13:17:49 CST)" was missed by 0:00:01.438861
Run time of job "check_expired_torrents (trigger: interval[0:02:00], next run at: 2026-01-24 13:19:49 CST)" was missed by 0:00:01.365742
Run time of job "sync_download_status (trigger: interval[0:01:00], next run at: 2026-01-24 13:18:49 CST)" was missed by 0:00:01.366238
Run time of job "sync_download_status (trigger: interval[0:01:00], next run at: 2026-01-24 13:19:49 CST)" was missed by 0:00:02.064538
Run time of job "auto_download_torrents (trigger: interval[0:01:00], next run at: 2026-01-24 13:20:49 CST)" was missed by 0:00:01.403266
Run time of job "check_expired_torrents (trigger: interval[0:02:00], next run at: 2026-01-24 13:21:49 CST)" was missed by 0:00:01.404086
Run time of job "sync_download_status (trigger: interval[0:01:00], next run at: 2026-01-24 13:20:49 CST)" was missed by 0:00:01.404564
Run time of job "check_unregistered_torrents (trigger: interval[0:10:00], next run at: 2026-01-24 13:29:49 CST)" was missed by 0:00:01.405250
Run time of job "sync_download_status (trigger: interval[0:01:00], next run at: 2026-01-24 13:21:49 CST)" was missed by 0:00:01.322071
Run time of job "check_expired_torrents (trigger: interval[0:02:00], next run at: 2026-01-24 13:23:49 CST)" was missed by 0:00:01.339861
Run time of job "sync_download_status (trigger: interval[0:01:00], next run at: 2026-01-24 13:22:49 CST)" was missed by 0:00:01.340596
Run time of job "sync_download_status (trigger: interval[0:01:00], next run at: 2026-01-24 13:23:49 CST)" was missed by 0:00:01.338795
Run time of job "check_expired_torrents (trigger: interval[0:02:00], next run at: 2026-01-24 13:25:49 CST)" was missed by 0:00:01.470348
Run time of job "sync_download_status (trigger: interval[0:01:00], next run at: 2026-01-24 13:24:49 CST)" was missed by 0:00:01.471715
Run time of job "sync_download_status (trigger: interval[0:01:00], next run at: 2026-01-24 13:25:49 CST)" was missed by 0:00:01.832684
Run time of job "check_expired_torrents (trigger: interval[0:02:00], next run at: 2026-01-24 13:27:49 CST)" was missed by 0:00:01.455334
Run time of job "sync_download_status (trigger: interval[0:01:00], next run at: 2026-01-24 13:26:49 CST)" was missed by 0:00:01.455884
Run time of job "sync_download_status (trigger: interval[0:01:00], next run at: 2026-01-24 13:27:49 CST)" was missed by 0:00:01.346177
Run time of job "check_expired_torrents (trigger: interval[0:02:00], next run at: 2026-01-24 13:29:49 CST)" was missed by 0:00:01.333601
Run time of job "sync_download_status (trigger: interval[0:01:00], next run at: 2026-01-24 13:28:49 CST)" was missed by 0:00:01.334843
Run time of job "sync_download_status (trigger: interval[0:01:00], next run at: 2026-01-24 13:29:49 CST)" was missed by 0:00:01.385522
Run time of job "auto_download_torrents (trigger: interval[0:01:00], next run at: 2026-01-24 13:30:49 CST)" was missed by 0:00:01.342205
Run time of job "check_expired_torrents (trigger: interval[0:02:00], next run at: 2026-01-24 13:31:49 CST)" was missed by 0:00:01.344608
Run time of job "check_dynamic_delete (trigger: interval[0:30:00], next run at: 2026-01-24 13:59:49 CST)" was missed by 0:00:01.345437
Run time of job "sync_download_status (trigger: interval[0:01:00], next run at: 2026-01-24 13:30:49 CST)" was missed by 0:00:01.346955
Run time of job "check_unregistered_torrents (trigger: interval[0:10:00], next run at: 2026-01-24 13:39:49 CST)" was missed by 0:00:01.347400
Run time of job "sync_download_status (trigger: interval[0:01:00], next run at: 2026-01-24 13:31:49 CST)" was missed by 0:00:01.327793
Run time of job "check_expired_torrents (trigger: interval[0:02:00], next run at: 2026-01-24 13:33:49 CST)" was missed by 0:00:01.307837
Run time of job "sync_download_status (trigger: interval[0:01:00], next run at: 2026-01-24 13:32:49 CST)" was missed by 0:00:01.308401
Run time of job "sync_download_status (trigger: interval[0:01:00], next run at: 2026-01-24 13:33:49 CST)" was missed by 0:00:01.624924
Run time of job "check_expired_torrents (trigger: interval[0:02:00], next run at: 2026-01-24 13:35:49 CST)" was missed by 0:00:01.323712
Run time of job "sync_download_status (trigger: interval[0:01:00], next run at: 2026-01-24 13:34:49 CST)" was missed by 0:00:01.325177
Run time of job "sync_download_status (trigger: interval[0:01:00], next run at: 2026-01-24 13:35:49 CST)" was missed by 0:00:01.433137
Run time of job "check_expired_torrents (trigger: interval[0:02:00], next run at: 2026-01-24 13:37:49 CST)" was missed by 0:00:01.446473
Run time of job "sync_download_status (trigger: interval[0:01:00], next run at: 2026-01-24 13:36:49 CST)" was missed by 0:00:01.446968
Run time of job "sync_download_status (trigger: interval[0:01:00], next run at: 2026-01-24 13:37:49 CST)" was missed by 0:00:01.346425
Run time of job "check_expired_torrents (trigger: interval[0:02:00], next run at: 2026-01-24 13:39:49 CST)" was missed by 0:00:01.589137
Run time of job "sync_download_status (trigger: interval[0:01:00], next run at: 2026-01-24 13:38:49 CST)" was missed by 0:00:01.589698
Run time of job "sync_download_status (trigger: interval[0:01:00], next run at: 2026-01-24 13:39:49 CST)" was missed by 0:00:01.419941
Run time of job "auto_download_torrents (trigger: interval[0:01:00], next run at: 2026-01-24 13:40:49 CST)" was missed by 0:00:01.454456
Run time of job "check_expired_torrents (trigger: interval[0:02:00], next run at: 2026-01-24 13:41:49 CST)" was missed by 0:00:01.455594
Run time of job "sync_download_status (trigger: interval[0:01:00], next run at: 2026-01-24 13:40:49 CST)" was missed by 0:00:01.456667
Run time of job "check_unregistered_torrents (trigger: interval[0:10:00], next run at: 2026-01-24 13:49:49 CST)" was missed by 0:00:01.457124
Run time of job "sync_download_status (trigger: interval[0:01:00], next run at: 2026-01-24 13:41:49 CST)" was missed by 0:00:03.635022
Execution of job "sync_download_status (trigger: interval[0:01:00], next run at: 2026-01-24 13:42:49 CST)" skipped: maximum number of running instances reached (1)
Execution of job "sync_download_status (trigger: interval[0:01:00], next run at: 2026-01-24 13:43:49 CST)" skipped: maximum number of running instances reached (1)
Execution of job "auto_download_torrents (trigger: interval[0:01:00], next run at: 2026-01-24 13:44:49 CST)" skipped: maximum number of running instances reached (1)
Execution of job "sync_download_status (trigger: interval[0:01:00], next run at: 2026-01-24 13:44:49 CST)" skipped: maximum number of running instances reached (1)
Execution of job "auto_download_torrents (trigger: interval[0:01:00], next run at: 2026-01-24 13:45:49 CST)" skipped: maximum number of running instances reached (1)
Execution of job "sync_download_status (trigger: interval[0:01:00], next run at: 2026-01-24 13:45:49 CST)" skipped: maximum number of running instances reached (1)
Execution of job "auto_download_torrents (trigger: interval[0:01:00], next run at: 2026-01-24 13:46:49 CST)" skipped: maximum number of running instances reached (1)
Execution of job "sync_download_status (trigger: interval[0:01:00], next run at: 2026-01-24 13:46:49 CST)" skipped: maximum number of running instances reached (1)
Execution of job "auto_download_torrents (trigger: interval[0:01:00], next run at: 2026-01-24 13:47:49 CST)" skipped: maximum number of running instances reached (1)
Execution of job "auto_download_torrents (trigger: interval[0:01:00], next run at: 2026-01-24 13:48:49 CST)" skipped: maximum number of running instances reached (1)
Execution of job "sync_download_status (trigger: interval[0:01:00], next run at: 2026-01-24 13:48:49 CST)" skipped: maximum number of running instances reached (1)
Execution of job "sync_download_status (trigger: interval[0:01:00], next run at: 2026-01-24 13:49:49 CST)" skipped: maximum number of running instances reached (1)
Run time of job "check_expired_torrents (trigger: interval[0:02:00], next run at: 2026-01-24 13:51:49 CST)" was missed by 0:00:01.707587
Run time of job "check_unregistered_torrents (trigger: interval[0:10:00], next run at: 2026-01-24 13:59:49 CST)" was missed by 0:00:01.709074
Execution of job "sync_download_status (trigger: interval[0:01:00], next run at: 2026-01-24 13:50:49 CST)" skipped: maximum number of running instances reached (1)
Execution of job "sync_download_status (trigger: interval[0:01:00], next run at: 2026-01-24 13:51:49 CST)" skipped: maximum number of running instances reached (1)
Execution of job "sync_download_status (trigger: interval[0:01:00], next run at: 2026-01-24 13:52:49 CST)" skipped: maximum number of running instances reached (1)
Execution of job "sync_download_status (trigger: interval[0:01:00], next run at: 2026-01-24 13:54:49 CST)" skipped: maximum number of running instances reached (1)
Execution of job "sync_download_status (trigger: interval[0:01:00], next run at: 2026-01-24 13:55:49 CST)" skipped: maximum number of running instances reached (1)
Execution of job "sync_download_status (trigger: interval[0:01:00], next run at: 2026-01-24 13:56:49 CST)" skipped: maximum number of running instances reached (1)
Execution of job "sync_download_status (trigger: interval[0:01:00], next run at: 2026-01-24 13:57:49 CST)" skipped: maximum number of running instances reached (1)
Execution of job "sync_download_status (trigger: interval[0:01:00], next run at: 2026-01-24 13:59:49 CST)" skipped: maximum number of running instances reached (1)
Run time of job "check_unregistered_torrents (trigger: interval[0:10:00], next run at: 2026-01-24 14:09:49 CST)" was missed by 0:00:02.311678
Execution of job "sync_download_status (trigger: interval[0:01:00], next run at: 2026-01-24 14:00:49 CST)" skipped: maximum number of running instances reached (1)
Execution of job "sync_download_status (trigger: interval[0:01:00], next run at: 2026-01-24 14:01:49 CST)" skipped: maximum number of running instances reached (1)
Execution of job "sync_download_status (trigger: interval[0:01:00], next run at: 2026-01-24 14:02:49 CST)" skipped: maximum number of running instances reached (1)
Execution of job "sync_download_status (trigger: interval[0:01:00], next run at: 2026-01-24 14:03:49 CST)" skipped: maximum number of running instances reached (1)
Execution of job "sync_download_status (trigger: interval[0:01:00], next run at: 2026-01-24 14:05:49 CST)" skipped: maximum number of running instances reached (1)
Execution of job "sync_download_status (trigger: interval[0:01:00], next run at: 2026-01-24 14:06:49 CST)" skipped: maximum number of running instances reached (1)
Execution of job "sync_download_status (trigger: interval[0:01:00], next run at: 2026-01-24 14:07:49 CST)" skipped: maximum number of running instances reached (1)
Execution of job "sync_download_status (trigger: interval[0:01:00], next run at: 2026-01-24 14:08:49 CST)" skipped: maximum number of running instances reached (1)
Execution of job "sync_download_status (trigger: interval[0:01:00], next run at: 2026-01-24 14:09:49 CST)" skipped: maximum number of running instances reached (1)
Execution of job "sync_download_status (trigger: interval[0:01:00], next run at: 2026-01-24 14:11:49 CST)" skipped: maximum number of running instances reached (1)
Execution of job "sync_download_status (trigger: interval[0:01:00], next run at: 2026-01-24 14:12:49 CST)" skipped: maximum number of running instances reached (1)
Execution of job "sync_download_status (trigger: interval[0:01:00], next run at: 2026-01-24 14:13:49 CST)" skipped: maximum number of running instances reached (1)
Execution of job "sync_download_status (trigger: interval[0:01:00], next run at: 2026-01-24 14:14:49 CST)" skipped: maximum number of running instances reached (1)
Execution of job "sync_download_status (trigger: interval[0:01:00], next run at: 2026-01-24 14:15:49 CST)" skipped: maximum number of running instances reached (1)
Execution of job "sync_download_status (trigger: interval[0:01:00], next run at: 2026-01-24 14:17:49 CST)" skipped: maximum number of running instances reached (1)
Execution of job "sync_download_status (trigger: interval[0:01:00], next run at: 2026-01-24 14:18:49 CST)" skipped: maximum number of running instances reached (1)
Execution of job "sync_download_status (trigger: interval[0:01:00], next run at: 2026-01-24 14:19:49 CST)" skipped: maximum number of running instances reached (1)
Execution of job "sync_download_status (trigger: interval[0:01:00], next run at: 2026-01-24 14:20:49 CST)" skipped: maximum number of running instances reached (1)
Execution of job "sync_download_status (trigger: interval[0:01:00], next run at: 2026-01-24 14:21:49 CST)" skipped: maximum number of running instances reached (1)
Execution of job "sync_download_status (trigger: interval[0:01:00], next run at: 2026-01-24 14:23:49 CST)" skipped: maximum number of running instances reached (1)
Execution of job "sync_download_status (trigger: interval[0:01:00], next run at: 2026-01-24 14:24:49 CST)" skipped: maximum number of running instances reached (1)
Execution of job "sync_download_status (trigger: interval[0:01:00], next run at: 2026-01-24 14:25:49 CST)" skipped: maximum number of running instances reached (1)
Execution of job "sync_download_status (trigger: interval[0:01:00], next run at: 2026-01-24 14:26:49 CST)" skipped: maximum number of running instances reached (1)
Execution of job "sync_download_status (trigger: interval[0:01:00], next run at: 2026-01-24 14:27:49 CST)" skipped: maximum number of running instances reached (1)
Execution of job "sync_download_status (trigger: interval[0:01:00], next run at: 2026-01-24 14:29:49 CST)" skipped: maximum number of running instances reached (1)
Run time of job "check_unregistered_torrents (trigger: interval[0:10:00], next run at: 2026-01-24 14:39:49 CST)" was missed by 0:00:02.250548
Execution of job "sync_download_status (trigger: interval[0:01:00], next run at: 2026-01-24 14:30:49 CST)" skipped: maximum number of running instances reached (1)
Execution of job "sync_download_status (trigger: interval[0:01:00], next run at: 2026-01-24 14:31:49 CST)" skipped: maximum number of running instances reached (1)
Execution of job "sync_download_status (trigger: interval[0:01:00], next run at: 2026-01-24 14:32:49 CST)" skipped: maximum number of running instances reached (1)
Execution of job "sync_download_status (trigger: interval[0:01:00], next run at: 2026-01-24 14:33:49 CST)" skipped: maximum number of running instances reached (1)
Execution of job "sync_download_status (trigger: interval[0:01:00], next run at: 2026-01-24 14:35:49 CST)" skipped: maximum number of running instances reached (1)
Execution of job "sync_download_status (trigger: interval[0:01:00], next run at: 2026-01-24 14:36:49 CST)" skipped: maximum number of running instances reached (1)
Execution of job "sync_download_status (trigger: interval[0:01:00], next run at: 2026-01-24 14:37:49 CST)" skipped: maximum number of running instances reached (1)
Execution of job "sync_download_status (trigger: interval[0:01:00], next run at: 2026-01-24 14:38:49 CST)" skipped: maximum number of running instances reached (1)
Execution of job "sync_download_status (trigger: interval[0:01:00], next run at: 2026-01-24 14:39:49 CST)" skipped: maximum number of running instances reached (1)
Execution of job "sync_download_status (trigger: interval[0:01:00], next run at: 2026-01-24 14:41:49 CST)" skipped: maximum number of running instances reached (1)
Execution of job "sync_download_status (trigger: interval[0:01:00], next run at: 2026-01-24 14:42:49 CST)" skipped: maximum number of running instances reached (1)
Execution of job "sync_download_status (trigger: interval[0:01:00], next run at: 2026-01-24 14:43:49 CST)" skipped: maximum number of running instances reached (1)
Execution of job "sync_download_status (trigger: interval[0:01:00], next run at: 2026-01-24 14:44:49 CST)" skipped: maximum number of running instances reached (1)
Execution of job "sync_download_status (trigger: interval[0:01:00], next run at: 2026-01-24 14:45:49 CST)" skipped: maximum number of running instances reached (1)
Execution of job "sync_download_status (trigger: interval[0:01:00], next run at: 2026-01-24 14:47:49 CST)" skipped: maximum number of running instances reached (1)
Execution of job "sync_download_status (trigger: interval[0:01:00], next run at: 2026-01-24 14:48:49 CST)" skipped: maximum number of running instances reached (1)
Execution of job "sync_download_status (trigger: interval[0:01:00], next run at: 2026-01-24 14:49:49 CST)" skipped: maximum number of running instances reached (1)
Execution of job "sync_download_status (trigger: interval[0:01:00], next run at: 2026-01-24 14:50:49 CST)" skipped: maximum number of running instances reached (1)
Execution of job "sync_download_status (trigger: interval[0:01:00], next run at: 2026-01-24 14:51:49 CST)" skipped: maximum number of running instances reached (1)
Execution of job "sync_download_status (trigger: interval[0:01:00], next run at: 2026-01-24 14:53:49 CST)" skipped: maximum number of running instances reached (1)
Execution of job "sync_download_status (trigger: interval[0:01:00], next run at: 2026-01-24 14:54:49 CST)" skipped: maximum number of running instances reached (1)
Execution of job "sync_download_status (trigger: interval[0:01:00], next run at: 2026-01-24 14:55:49 CST)" skipped: maximum number of running instances reached (1)
Execution of job "sync_download_status (trigger: interval[0:01:00], next run at: 2026-01-24 14:56:49 CST)" skipped: maximum number of running instances reached (1)
Execution of job "sync_download_status (trigger: interval[0:01:00], next run at: 2026-01-24 14:57:49 CST)" skipped: maximum number of running instances reached (1)
Execution of job "sync_download_status (trigger: interval[0:01:00], next run at: 2026-01-24 14:59:49 CST)" skipped: maximum number of running instances reached (1)
Run time of job "check_unregistered_torrents (trigger: interval[0:10:00], next run at: 2026-01-24 15:09:49 CST)" was missed by 0:00:02.275654
Execution of job "sync_download_status (trigger: interval[0:01:00], next run at: 2026-01-24 15:00:49 CST)" skipped: maximum number of running instances reached (1)
Execution of job "sync_download_status (trigger: interval[0:01:00], next run at: 2026-01-24 15:01:49 CST)" skipped: maximum number of running instances reached (1)
Execution of job "sync_download_status (trigger: interval[0:01:00], next run at: 2026-01-24 15:02:49 CST)" skipped: maximum number of running instances reached (1)
Execution of job "sync_download_status (trigger: interval[0:01:00], next run at: 2026-01-24 15:03:49 CST)" skipped: maximum number of running instances reached (1)
Execution of job "sync_download_status (trigger: interval[0:01:00], next run at: 2026-01-24 15:05:49 CST)" skipped: maximum number of running instances reached (1)
Execution of job "sync_download_status (trigger: interval[0:01:00], next run at: 2026-01-24 15:06:49 CST)" skipped: maximum number of running instances reached (1)
Execution of job "sync_download_status (trigger: interval[0:01:00], next run at: 2026-01-24 15:07:49 CST)" skipped: maximum number of running instances reached (1)
Execution of job "sync_download_status (trigger: interval[0:01:00], next run at: 2026-01-24 15:08:49 CST)" skipped: maximum number of running instances reached (1)
Execution of job "sync_download_status (trigger: interval[0:01:00], next run at: 2026-01-24 15:09:49 CST)" skipped: maximum number of running instances reached (1)
Execution of job "sync_download_status (trigger: interval[0:01:00], next run at: 2026-01-24 15:11:49 CST)" skipped: maximum number of running instances reached (1)
Execution of job "sync_download_status (trigger: interval[0:01:00], next run at: 2026-01-24 15:12:49 CST)" skipped: maximum number of running instances reached (1)
Execution of job "sync_download_status (trigger: interval[0:01:00], next run at: 2026-01-24 15:13:49 CST)" skipped: maximum number of running instances reached (1)
Execution of job "sync_download_status (trigger: interval[0:01:00], next run at: 2026-01-24 15:14:49 CST)" skipped: maximum number of running instances reached (1)
Execution of job "sync_download_status (trigger: interval[0:01:00], next run at: 2026-01-24 15:15:49 CST)" skipped: maximum number of running instances reached (1)
Execution of job "sync_download_status (trigger: interval[0:01:00], next run at: 2026-01-24 15:17:49 CST)" skipped: maximum number of running instances reached (1)
Execution of job "sync_download_status (trigger: interval[0:01:00], next run at: 2026-01-24 15:18:49 CST)" skipped: maximum number of running instances reached (1)
Execution of job "sync_download_status (trigger: interval[0:01:00], next run at: 2026-01-24 15:19:49 CST)" skipped: maximum number of running instances reached (1)
Execution of job "sync_download_status (trigger: interval[0:01:00], next run at: 2026-01-24 15:20:49 CST)" skipped: maximum number of running instances reached (1)
Execution of job "sync_download_status (trigger: interval[0:01:00], next run at: 2026-01-24 15:21:49 CST)" skipped: maximum number of running instances reached (1)
Execution of job "sync_download_status (trigger: interval[0:01:00], next run at: 2026-01-24 15:23:49 CST)" skipped: maximum number of running instances reached (1)
Execution of job "sync_download_status (trigger: interval[0:01:00], next run at: 2026-01-24 15:24:49 CST)" skipped: maximum number of running instances reached (1)
Execution of job "sync_download_status (trigger: interval[0:01:00], next run at: 2026-01-24 15:25:49 CST)" skipped: maximum number of running instances reached (1)
Execution of job "sync_download_status (trigger: interval[0:01:00], next run at: 2026-01-24 15:26:49 CST)" skipped: maximum number of running instances reached (1)
Execution of job "sync_download_status (trigger: interval[0:01:00], next run at: 2026-01-24 15:27:49 CST)" skipped: maximum number of running instances reached (1)
Execution of job "sync_download_status (trigger: interval[0:01:00], next run at: 2026-01-24 15:29:49 CST)" skipped: maximum number of running instances reached (1)
Run time of job "check_unregistered_torrents (trigger: interval[0:10:00], next run at: 2026-01-24 15:39:49 CST)" was missed by 0:00:02.548422
Execution of job "sync_download_status (trigger: interval[0:01:00], next run at: 2026-01-24 15:30:49 CST)" skipped: maximum number of running instances reached (1)
Execution of job "sync_download_status (trigger: interval[0:01:00], next run at: 2026-01-24 15:31:49 CST)" skipped: maximum number of running instances reached (1)
Execution of job "sync_download_status (trigger: interval[0:01:00], next run at: 2026-01-24 15:32:49 CST)" skipped: maximum number of running instances reached (1)
Execution of job "sync_download_status (trigger: interval[0:01:00], next run at: 2026-01-24 15:33:49 CST)" skipped: maximum number of running instances reached (1)
Execution of job "sync_download_status (trigger: interval[0:01:00], next run at: 2026-01-24 15:35:49 CST)" skipped: maximum number of running instances reached (1)
Execution of job "sync_download_status (trigger: interval[0:01:00], next run at: 2026-01-24 15:36:49 CST)" skipped: maximum number of running instances reached (1)
Execution of job "sync_download_status (trigger: interval[0:01:00], next run at: 2026-01-24 15:37:49 CST)" skipped: maximum number of running instances reached (1)
Execution of job "sync_download_status (trigger: interval[0:01:00], next run at: 2026-01-24 15:38:49 CST)" skipped: maximum number of running instances reached (1)
Execution of job "sync_download_status (trigger: interval[0:01:00], next run at: 2026-01-24 15:39:49 CST)" skipped: maximum number of running instances reached (1)
Run time of job "check_expired_torrents (trigger: interval[0:02:00], next run at: 2026-01-24 15:41:49 CST)" was missed by 0:00:01.187072
Run time of job "check_unregistered_torrents (trigger: interval[0:10:00], next run at: 2026-01-24 15:49:49 CST)" was missed by 0:00:01.187609
Execution of job "sync_download_status (trigger: interval[0:01:00], next run at: 2026-01-24 15:41:49 CST)" skipped: maximum number of running instances reached (1)
Execution of job "sync_download_status (trigger: interval[0:01:00], next run at: 2026-01-24 15:42:49 CST)" skipped: maximum number of running instances reached (1)
Execution of job "sync_download_status (trigger: interval[0:01:00], next run at: 2026-01-24 15:43:49 CST)" skipped: maximum number of running instances reached (1)
Execution of job "sync_download_status (trigger: interval[0:01:00], next run at: 2026-01-24 15:44:49 CST)" skipped: maximum number of running instances reached (1)
Execution of job "sync_download_status (trigger: interval[0:01:00], next run at: 2026-01-24 15:45:49 CST)" skipped: maximum number of running instances reached (1)
Execution of job "sync_download_status (trigger: interval[0:01:00], next run at: 2026-01-24 15:47:49 CST)" skipped: maximum number of running instances reached (1)
Execution of job "sync_download_status (trigger: interval[0:01:00], next run at: 2026-01-24 15:48:49 CST)" skipped: maximum number of running instances reached (1)
Execution of job "sync_download_status (trigger: interval[0:01:00], next run at: 2026-01-24 15:49:49 CST)" skipped: maximum number of running instances reached (1)
Execution of job "sync_download_status (trigger: interval[0:01:00], next run at: 2026-01-24 15:50:49 CST)" skipped: maximum number of running instances reached (1)
Execution of job "auto_download_torrents (trigger: interval[0:01:00], next run at: 2026-01-24 15:51:49 CST)" skipped: maximum number of running instances reached (1)
Execution of job "sync_download_status (trigger: interval[0:01:00], next run at: 2026-01-24 15:51:49 CST)" skipped: maximum number of running instances reached (1)
Execution of job "auto_download_torrents (trigger: interval[0:01:00], next run at: 2026-01-24 15:52:49 CST)" skipped: maximum number of running instances reached (1)
Execution of job "sync_download_status (trigger: interval[0:01:00], next run at: 2026-01-24 15:52:49 CST)" skipped: maximum number of running instances reached (1)
Execution of job "sync_download_status (trigger: interval[0:01:00], next run at: 2026-01-24 15:54:49 CST)" skipped: maximum number of running instances reached (1)
Execution of job "sync_download_status (trigger: interval[0:01:00], next run at: 2026-01-24 15:55:49 CST)" skipped: maximum number of running instances reached (1)
Execution of job "sync_download_status (trigger: interval[0:01:00], next run at: 2026-01-24 15:56:49 CST)" skipped: maximum number of running instances reached (1)
Execution of job "sync_download_status (trigger: interval[0:01:00], next run at: 2026-01-24 15:57:49 CST)" skipped: maximum number of running instances reached (1)
Execution of job "sync_download_status (trigger: interval[0:01:00], next run at: 2026-01-24 15:58:49 CST)" skipped: maximum number of running instances reached (1)
Run time of job "sync_download_status (trigger: interval[0:01:00], next run at: 2026-01-24 16:00:49 CST)" was missed by 0:00:02.542705
Run time of job "check_unregistered_torrents (trigger: interval[0:10:00], next run at: 2026-01-24 16:09:49 CST)" was missed by 0:00:02.542923
Execution of job "sync_download_status (trigger: interval[0:01:00], next run at: 2026-01-24 16:01:49 CST)" skipped: maximum number of running instances reached (1)
Execution of job "sync_download_status (trigger: interval[0:01:00], next run at: 2026-01-24 16:02:49 CST)" skipped: maximum number of running instances reached (1)
Execution of job "sync_download_status (trigger: interval[0:01:00], next run at: 2026-01-24 16:03:49 CST)" skipped: maximum number of running instances reached (1)
Execution of job "sync_download_status (trigger: interval[0:01:00], next run at: 2026-01-24 16:04:49 CST)" skipped: maximum number of running instances reached (1)
Execution of job "sync_download_status (trigger: interval[0:01:00], next run at: 2026-01-24 16:05:49 CST)" skipped: maximum number of running instances reached (1)
Execution of job "sync_download_status (trigger: interval[0:01:00], next run at: 2026-01-24 16:07:49 CST)" skipped: maximum number of running instances reached (1)
Execution of job "sync_download_status (trigger: interval[0:01:00], next run at: 2026-01-24 16:08:49 CST)" skipped: maximum number of running instances reached (1)
Execution of job "sync_download_status (trigger: interval[0:01:00], next run at: 2026-01-24 16:09:49 CST)" skipped: maximum number of running instances reached (1)
Execution of job "sync_download_status (trigger: interval[0:01:00], next run at: 2026-01-24 16:10:49 CST)" skipped: maximum number of running instances reached (1)
Execution of job "sync_download_status (trigger: interval[0:01:00], next run at: 2026-01-24 16:11:49 CST)" skipped: maximum number of running instances reached (1)
Execution of job "sync_download_status (trigger: interval[0:01:00], next run at: 2026-01-24 16:13:49 CST)" skipped: maximum number of running instances reached (1)
Execution of job "sync_download_status (trigger: interval[0:01:00], next run at: 2026-01-24 16:14:49 CST)" skipped: maximum number of running instances reached (1)
Execution of job "sync_download_status (trigger: interval[0:01:00], next run at: 2026-01-24 16:15:49 CST)" skipped: maximum number of running instances reached (1)
Execution of job "sync_download_status (trigger: interval[0:01:00], next run at: 2026-01-24 16:16:49 CST)" skipped: maximum number of running instances reached (1)
Execution of job "sync_download_status (trigger: interval[0:01:00], next run at: 2026-01-24 16:17:49 CST)" skipped: maximum number of running instances reached (1)
Execution of job "sync_download_status (trigger: interval[0:01:00], next run at: 2026-01-24 16:19:49 CST)" skipped: maximum number of running instances reached (1)
Execution of job "sync_download_status (trigger: interval[0:01:00], next run at: 2026-01-24 16:20:49 CST)" skipped: maximum number of running instances reached (1)
Execution of job "sync_download_status (trigger: interval[0:01:00], next run at: 2026-01-24 16:21:49 CST)" skipped: maximum number of running instances reached (1)
Execution of job "sync_download_status (trigger: interval[0:01:00], next run at: 2026-01-24 16:22:49 CST)" skipped: maximum number of running instances reached (1)
Execution of job "sync_download_status (trigger: interval[0:01:00], next run at: 2026-01-24 16:23:49 CST)" skipped: maximum number of running instances reached (1)
Execution of job "sync_download_status (trigger: interval[0:01:00], next run at: 2026-01-24 16:24:49 CST)" skipped: maximum number of running instances reached (1)
Execution of job "sync_download_status (trigger: interval[0:01:00], next run at: 2026-01-24 16:26:49 CST)" skipped: maximum number of running instances reached (1)
Execution of job "sync_download_status (trigger: interval[0:01:00], next run at: 2026-01-24 16:27:49 CST)" skipped: maximum number of running instances reached (1)
Execution of job "sync_download_status (trigger: interval[0:01:00], next run at: 2026-01-24 16:28:49 CST)" skipped: maximum number of running instances reached (1)
Execution of job "sync_download_status (trigger: interval[0:01:00], next run at: 2026-01-24 16:29:49 CST)" skipped: maximum number of running instances reached (1)
Run time of job "check_unregistered_torrents (trigger: interval[0:10:00], next run at: 2026-01-24 16:39:49 CST)" was missed by 0:00:02.339026
Execution of job "sync_download_status (trigger: interval[0:01:00], next run at: 2026-01-24 16:30:49 CST)" skipped: maximum number of running instances reached (1)
Execution of job "sync_download_status (trigger: interval[0:01:00], next run at: 2026-01-24 16:32:49 CST)" skipped: maximum number of running instances reached (1)
Execution of job "sync_download_status (trigger: interval[0:01:00], next run at: 2026-01-24 16:33:49 CST)" skipped: maximum number of running instances reached (1)
Execution of job "sync_download_status (trigger: interval[0:01:00], next run at: 2026-01-24 16:34:49 CST)" skipped: maximum number of running instances reached (1)
Execution of job "sync_download_status (trigger: interval[0:01:00], next run at: 2026-01-24 16:35:49 CST)" skipped: maximum number of running instances reached (1)
Run time of job "check_expired_torrents (trigger: interval[0:02:00], next run at: 2026-01-24 16:37:49 CST)" was missed by 0:00:01.058857
Execution of job "sync_download_status (trigger: interval[0:01:00], next run at: 2026-01-24 16:36:49 CST)" skipped: maximum number of running instances reached (1)
Execution of job "sync_download_status (trigger: interval[0:01:00], next run at: 2026-01-24 16:38:49 CST)" skipped: maximum number of running instances reached (1)
Execution of job "sync_download_status (trigger: interval[0:01:00], next run at: 2026-01-24 16:39:49 CST)" skipped: maximum number of running instances reached (1)
Run time of job "auto_download_torrents (trigger: interval[0:01:00], next run at: 2026-01-24 16:40:49 CST)" was missed by 0:00:01.008833
Run time of job "check_expired_torrents (trigger: interval[0:02:00], next run at: 2026-01-24 16:41:49 CST)" was missed by 0:00:01.014815
Run time of job "check_unregistered_torrents (trigger: interval[0:10:00], next run at: 2026-01-24 16:49:49 CST)" was missed by 0:00:01.015179
Execution of job "sync_download_status (trigger: interval[0:01:00], next run at: 2026-01-24 16:40:49 CST)" skipped: maximum number of running instances reached (1)
Execution of job "sync_download_status (trigger: interval[0:01:00], next run at: 2026-01-24 16:41:49 CST)" skipped: maximum number of running instances reached (1)
Execution of job "sync_download_status (trigger: interval[0:01:00], next run at: 2026-01-24 16:42:49 CST)" skipped: maximum number of running instances reached (1)
Execution of job "sync_download_status (trigger: interval[0:01:00], next run at: 2026-01-24 16:44:49 CST)" skipped: maximum number of running instances reached (1)
Execution of job "sync_download_status (trigger: interval[0:01:00], next run at: 2026-01-24 16:45:49 CST)" skipped: maximum number of running instances reached (1)
Execution of job "sync_download_status (trigger: interval[0:01:00], next run at: 2026-01-24 16:46:49 CST)" skipped: maximum number of running instances reached (1)
Execution of job "sync_download_status (trigger: interval[0:01:00], next run at: 2026-01-24 16:47:49 CST)" skipped: maximum number of running instances reached (1)
Execution of job "sync_download_status (trigger: interval[0:01:00], next run at: 2026-01-24 16:48:49 CST)" skipped: maximum number of running instances reached (1)
Run time of job "check_expired_torrents (trigger: interval[0:02:00], next run at: 2026-01-24 16:51:49 CST)" was missed by 0:00:01.585650
Run time of job "sync_download_status (trigger: interval[0:01:00], next run at: 2026-01-24 16:50:49 CST)" was missed by 0:00:01.587203
Run time of job "check_unregistered_torrents (trigger: interval[0:10:00], next run at: 2026-01-24 16:59:49 CST)" was missed by 0:00:01.590629
Execution of job "sync_download_status (trigger: interval[0:01:00], next run at: 2026-01-24 16:51:49 CST)" skipped: maximum number of running instances reached (1)
Execution of job "sync_download_status (trigger: interval[0:01:00], next run at: 2026-01-24 16:52:49 CST)" skipped: maximum number of running instances reached (1)
Execution of job "sync_download_status (trigger: interval[0:01:00], next run at: 2026-01-24 16:53:49 CST)" skipped: maximum number of running instances reached (1)
Execution of job "sync_download_status (trigger: interval[0:01:00], next run at: 2026-01-24 16:54:49 CST)" skipped: maximum number of running instances reached (1)
Execution of job "sync_download_status (trigger: interval[0:01:00], next run at: 2026-01-24 16:55:49 CST)" skipped: maximum number of running instances reached (1)
Execution of job "sync_download_status (trigger: interval[0:01:00], next run at: 2026-01-24 16:57:49 CST)" skipped: maximum number of running instances reached (1)
Execution of job "sync_download_status (trigger: interval[0:01:00], next run at: 2026-01-24 16:58:49 CST)" skipped: maximum number of running instances reached (1)
Execution of job "auto_download_torrents (trigger: interval[0:01:00], next run at: 2026-01-24 16:59:49 CST)" skipped: maximum number of running instances reached (1)
Execution of job "sync_download_status (trigger: interval[0:01:00], next run at: 2026-01-24 16:59:49 CST)" skipped: maximum number of running instances reached (1)
Run time of job "refresh_all_accounts (trigger: interval[0:10:00], next run at: 2026-01-24 17:09:49 CST)" was missed by 0:00:03.886558
Run time of job "check_expired_torrents (trigger: interval[0:02:00], next run at: 2026-01-24 17:01:49 CST)" was missed by 0:00:03.886836
Run time of job "check_dynamic_delete (trigger: interval[0:30:00], next run at: 2026-01-24 17:29:49 CST)" was missed by 0:00:03.888809
Run time of job "check_unregistered_torrents (trigger: interval[0:10:00], next run at: 2026-01-24 17:09:49 CST)" was missed by 0:00:03.889655
Execution of job "sync_download_status (trigger: interval[0:01:00], next run at: 2026-01-24 17:00:49 CST)" skipped: maximum number of running instances reached (1)
Execution of job "sync_download_status (trigger: interval[0:01:00], next run at: 2026-01-24 17:01:49 CST)" skipped: maximum number of running instances reached (1)
Execution of job "sync_download_status (trigger: interval[0:01:00], next run at: 2026-01-24 17:02:49 CST)" skipped: maximum number of running instances reached (1)
Execution of job "sync_download_status (trigger: interval[0:01:00], next run at: 2026-01-24 17:03:49 CST)" skipped: maximum number of running instances reached (1)
Run time of job "sync_download_status (trigger: interval[0:01:00], next run at: 2026-01-24 17:05:49 CST)" was missed by 0:00:01.046564
Run time of job "check_expired_torrents (trigger: interval[0:02:00], next run at: 2026-01-24 17:07:49 CST)" was missed by 0:00:03.616543
Run time of job "sync_download_status (trigger: interval[0:01:00], next run at: 2026-01-24 17:06:49 CST)" was missed by 0:00:03.620509
Run time of job "sync_download_status (trigger: interval[0:01:00], next run at: 2026-01-24 17:07:49 CST)" was missed by 0:00:05.102950
Run time of job "check_expired_torrents (trigger: interval[0:02:00], next run at: 2026-01-24 17:09:49 CST)" was missed by 0:00:02.474317
Run time of job "sync_download_status (trigger: interval[0:01:00], next run at: 2026-01-24 17:08:49 CST)" was missed by 0:00:02.479622
Execution of job "sync_download_status (trigger: interval[0:01:00], next run at: 2026-01-24 17:09:49 CST)" skipped: maximum number of running instances reached (1)
Run time of job "check_expired_torrents (trigger: interval[0:02:00], next run at: 2026-01-24 17:11:49 CST)" was missed by 0:00:01.364417
Run time of job "check_unregistered_torrents (trigger: interval[0:10:00], next run at: 2026-01-24 17:19:49 CST)" was missed by 0:00:01.365841
Execution of job "sync_download_status (trigger: interval[0:01:00], next run at: 2026-01-24 17:10:49 CST)" skipped: maximum number of running instances reached (1)
Execution of job "sync_download_status (trigger: interval[0:01:00], next run at: 2026-01-24 17:11:49 CST)" skipped: maximum number of running instances reached (1)
Execution of job "sync_download_status (trigger: interval[0:01:00], next run at: 2026-01-24 17:12:49 CST)" skipped: maximum number of running instances reached (1)
Execution of job "sync_download_status (trigger: interval[0:01:00], next run at: 2026-01-24 17:13:49 CST)" skipped: maximum number of running instances reached (1)
Execution of job "sync_download_status (trigger: interval[0:01:00], next run at: 2026-01-24 17:14:49 CST)" skipped: maximum number of running instances reached (1)
Run time of job "check_expired_torrents (trigger: interval[0:02:00], next run at: 2026-01-24 17:17:49 CST)" was missed by 0:00:01.525743
Run time of job "sync_download_status (trigger: interval[0:01:00], next run at: 2026-01-24 17:16:49 CST)" was missed by 0:00:01.534610
Run time of job "sync_download_status (trigger: interval[0:01:00], next run at: 2026-01-24 17:17:49 CST)" was missed by 0:00:05.445446
Run time of job "check_expired_torrents (trigger: interval[0:02:00], next run at: 2026-01-24 17:19:49 CST)" was missed by 0:00:03.225795
Run time of job "sync_download_status (trigger: interval[0:01:00], next run at: 2026-01-24 17:18:49 CST)" was missed by 0:00:03.244759
Execution of job "sync_download_status (trigger: interval[0:01:00], next run at: 2026-01-24 17:19:49 CST)" skipped: maximum number of running instances reached (1)
Run time of job "check_expired_torrents (trigger: interval[0:02:00], next run at: 2026-01-24 17:21:49 CST)" was missed by 0:00:01.177460
Run time of job "check_unregistered_torrents (trigger: interval[0:10:00], next run at: 2026-01-24 17:29:49 CST)" was missed by 0:00:01.178545
Execution of job "sync_download_status (trigger: interval[0:01:00], next run at: 2026-01-24 17:20:49 CST)" skipped: maximum number of running instances reached (1)
Execution of job "sync_download_status (trigger: interval[0:01:00], next run at: 2026-01-24 17:21:49 CST)" skipped: maximum number of running instances reached (1)
Execution of job "sync_download_status (trigger: interval[0:01:00], next run at: 2026-01-24 17:22:49 CST)" skipped: maximum number of running instances reached (1)
Execution of job "sync_download_status (trigger: interval[0:01:00], next run at: 2026-01-24 17:23:49 CST)" skipped: maximum number of running instances reached (1)
Execution of job "sync_download_status (trigger: interval[0:01:00], next run at: 2026-01-24 17:24:49 CST)" skipped: maximum number of running instances reached (1)
Execution of job "sync_download_status (trigger: interval[0:01:00], next run at: 2026-01-24 17:26:49 CST)" skipped: maximum number of running instances reached (1)
Execution of job "sync_download_status (trigger: interval[0:01:00], next run at: 2026-01-24 17:27:49 CST)" skipped: maximum number of running instances reached (1)
Execution of job "sync_download_status (trigger: interval[0:01:00], next run at: 2026-01-24 17:28:49 CST)" skipped: maximum number of running instances reached (1)
Execution of job "sync_download_status (trigger: interval[0:01:00], next run at: 2026-01-24 17:29:49 CST)" skipped: maximum number of running instances reached (1)
Run time of job "auto_download_torrents (trigger: interval[0:01:00], next run at: 2026-01-24 17:30:49 CST)" was missed by 0:00:01.558914
Run time of job "check_expired_torrents (trigger: interval[0:02:00], next run at: 2026-01-24 17:31:49 CST)" was missed by 0:00:01.560190
Run time of job "check_dynamic_delete (trigger: interval[0:30:00], next run at: 2026-01-24 17:59:49 CST)" was missed by 0:00:01.560897
Run time of job "check_unregistered_torrents (trigger: interval[0:10:00], next run at: 2026-01-24 17:39:49 CST)" was missed by 0:00:01.561473
Execution of job "sync_download_status (trigger: interval[0:01:00], next run at: 2026-01-24 17:30:49 CST)" skipped: maximum number of running instances reached (1)
Execution of job "sync_download_status (trigger: interval[0:01:00], next run at: 2026-01-24 17:32:49 CST)" skipped: maximum number of running instances reached (1)
Execution of job "sync_download_status (trigger: interval[0:01:00], next run at: 2026-01-24 17:33:49 CST)" skipped: maximum number of running instances reached (1)
Execution of job "sync_download_status (trigger: interval[0:01:00], next run at: 2026-01-24 17:34:49 CST)" skipped: maximum number of running instances reached (1)
Execution of job "sync_download_status (trigger: interval[0:01:00], next run at: 2026-01-24 17:35:49 CST)" skipped: maximum number of running instances reached (1)
Run time of job "check_expired_torrents (trigger: interval[0:02:00], next run at: 2026-01-24 17:37:49 CST)" was missed by 0:00:12.100488
Execution of job "sync_download_status (trigger: interval[0:01:00], next run at: 2026-01-24 17:36:49 CST)" skipped: maximum number of running instances reached (1)
Execution of job "sync_download_status (trigger: interval[0:01:00], next run at: 2026-01-24 17:37:49 CST)" skipped: maximum number of running instances reached (1)
Run time of job "check_expired_torrents (trigger: interval[0:02:00], next run at: 2026-01-24 17:39:49 CST)" was missed by 0:00:01.552560
Execution of job "sync_download_status (trigger: interval[0:01:00], next run at: 2026-01-24 17:39:49 CST)" skipped: maximum number of running instances reached (1)
Run time of job "auto_download_torrents (trigger: interval[0:01:00], next run at: 2026-01-24 17:40:49 CST)" was missed by 0:00:02.364217
Run time of job "check_expired_torrents (trigger: interval[0:02:00], next run at: 2026-01-24 17:41:49 CST)" was missed by 0:00:02.365462
Run time of job "check_unregistered_torrents (trigger: interval[0:10:00], next run at: 2026-01-24 17:49:49 CST)" was missed by 0:00:02.365896
Execution of job "sync_download_status (trigger: interval[0:01:00], next run at: 2026-01-24 17:40:49 CST)" skipped: maximum number of running instances reached (1)
Execution of job "sync_download_status (trigger: interval[0:01:00], next run at: 2026-01-24 17:41:49 CST)" skipped: maximum number of running instances reached (1)
Execution of job "sync_download_status (trigger: interval[0:01:00], next run at: 2026-01-24 17:42:49 CST)" skipped: maximum number of running instances reached (1)
Execution of job "sync_download_status (trigger: interval[0:01:00], next run at: 2026-01-24 17:43:49 CST)" skipped: maximum number of running instances reached (1)
Execution of job "sync_download_status (trigger: interval[0:01:00], next run at: 2026-01-24 17:44:49 CST)" skipped: maximum number of running instances reached (1)
Execution of job "sync_download_status (trigger: interval[0:01:00], next run at: 2026-01-24 17:46:49 CST)" skipped: maximum number of running instances reached (1)
Execution of job "sync_download_status (trigger: interval[0:01:00], next run at: 2026-01-24 17:47:49 CST)" skipped: maximum number of running instances reached (1)
Execution of job "sync_download_status (trigger: interval[0:01:00], next run at: 2026-01-24 17:48:49 CST)" skipped: maximum number of running instances reached (1)
Execution of job "sync_download_status (trigger: interval[0:01:00], next run at: 2026-01-24 17:49:49 CST)" skipped: maximum number of running instances reached (1)
Execution of job "sync_download_status (trigger: interval[0:01:00], next run at: 2026-01-24 17:50:49 CST)" skipped: maximum number of running instances reached (1)
Execution of job "sync_download_status (trigger: interval[0:01:00], next run at: 2026-01-24 17:51:49 CST)" skipped: maximum number of running instances reached (1)
Execution of job "sync_download_status (trigger: interval[0:01:00], next run at: 2026-01-24 17:53:49 CST)" skipped: maximum number of running instances reached (1)
Execution of job "sync_download_status (trigger: interval[0:01:00], next run at: 2026-01-24 17:54:49 CST)" skipped: maximum number of running instances reached (1)
Execution of job "sync_download_status (trigger: interval[0:01:00], next run at: 2026-01-24 17:55:49 CST)" skipped: maximum number of running instances reached (1)
Execution of job "sync_download_status (trigger: interval[0:01:00], next run at: 2026-01-24 17:56:49 CST)" skipped: maximum number of running instances reached (1)
Execution of job "sync_download_status (trigger: interval[0:01:00], next run at: 2026-01-24 17:57:49 CST)" skipped: maximum number of running instances reached (1)
Execution of job "sync_download_status (trigger: interval[0:01:00], next run at: 2026-01-24 17:58:49 CST)" skipped: maximum number of running instances reached (1)
Run time of job "sync_download_status (trigger: interval[0:01:00], next run at: 2026-01-24 18:00:49 CST)" was missed by 0:00:02.331427
Run time of job "check_unregistered_torrents (trigger: interval[0:10:00], next run at: 2026-01-24 18:09:49 CST)" was missed by 0:00:02.331698
Execution of job "sync_download_status (trigger: interval[0:01:00], next run at: 2026-01-24 18:01:49 CST)" skipped: maximum number of running instances reached (1)
Execution of job "sync_download_status (trigger: interval[0:01:00], next run at: 2026-01-24 18:02:49 CST)" skipped: maximum number of running instances reached (1)
Execution of job "sync_download_status (trigger: interval[0:01:00], next run at: 2026-01-24 18:03:49 CST)" skipped: maximum number of running instances reached (1)
Execution of job "sync_download_status (trigger: interval[0:01:00], next run at: 2026-01-24 18:04:49 CST)" skipped: maximum number of running instances reached (1)
Execution of job "sync_download_status (trigger: interval[0:01:00], next run at: 2026-01-24 18:05:49 CST)" skipped: maximum number of running instances reached (1)
Execution of job "sync_download_status (trigger: interval[0:01:00], next run at: 2026-01-24 18:07:49 CST)" skipped: maximum number of running instances reached (1)
Execution of job "sync_download_status (trigger: interval[0:01:00], next run at: 2026-01-24 18:08:49 CST)" skipped: maximum number of running instances reached (1)
Execution of job "sync_download_status (trigger: interval[0:01:00], next run at: 2026-01-24 18:09:49 CST)" skipped: maximum number of running instances reached (1)
Execution of job "sync_download_status (trigger: interval[0:01:00], next run at: 2026-01-24 18:10:49 CST)" skipped: maximum number of running instances reached (1)
Execution of job "sync_download_status (trigger: interval[0:01:00], next run at: 2026-01-24 18:11:49 CST)" skipped: maximum number of running instances reached (1)
Execution of job "sync_download_status (trigger: interval[0:01:00], next run at: 2026-01-24 18:12:49 CST)" skipped: maximum number of running instances reached (1)
Execution of job "sync_download_status (trigger: interval[0:01:00], next run at: 2026-01-24 18:14:49 CST)" skipped: maximum number of running instances reached (1)
Execution of job "sync_download_status (trigger: interval[0:01:00], next run at: 2026-01-24 18:15:49 CST)" skipped: maximum number of running instances reached (1)
Execution of job "sync_download_status (trigger: interval[0:01:00], next run at: 2026-01-24 18:16:49 CST)" skipped: maximum number of running instances reached (1)
Execution of job "sync_download_status (trigger: interval[0:01:00], next run at: 2026-01-24 18:17:49 CST)" skipped: maximum number of running instances reached (1)
Execution of job "sync_download_status (trigger: interval[0:01:00], next run at: 2026-01-24 18:18:49 CST)" skipped: maximum number of running instances reached (1)
Execution of job "sync_download_status (trigger: interval[0:01:00], next run at: 2026-01-24 18:19:49 CST)" skipped: maximum number of running instances reached (1)
Execution of job "sync_download_status (trigger: interval[0:01:00], next run at: 2026-01-24 18:21:49 CST)" skipped: maximum number of running instances reached (1)
Execution of job "sync_download_status (trigger: interval[0:01:00], next run at: 2026-01-24 18:22:49 CST)" skipped: maximum number of running instances reached (1)
Execution of job "sync_download_status (trigger: interval[0:01:00], next run at: 2026-01-24 18:23:49 CST)" skipped: maximum number of running instances reached (1)
Execution of job "sync_download_status (trigger: interval[0:01:00], next run at: 2026-01-24 18:24:49 CST)" skipped: maximum number of running instances reached (1)
Execution of job "sync_download_status (trigger: interval[0:01:00], next run at: 2026-01-24 18:25:49 CST)" skipped: maximum number of running instances reached (1)
Execution of job "sync_download_status (trigger: interval[0:01:00], next run at: 2026-01-24 18:26:49 CST)" skipped: maximum number of running instances reached (1)
Execution of job "sync_download_status (trigger: interval[0:01:00], next run at: 2026-01-24 18:27:49 CST)" skipped: maximum number of running instances reached (1)
Execution of job "sync_download_status (trigger: interval[0:01:00], next run at: 2026-01-24 18:29:49 CST)" skipped: maximum number of running instances reached (1)
Run time of job "check_expired_torrents (trigger: interval[0:02:00], next run at: 2026-01-24 18:31:49 CST)" was missed by 0:00:01.005190
Run time of job "check_dynamic_delete (trigger: interval[0:30:00], next run at: 2026-01-24 18:59:49 CST)" was missed by 0:00:01.005801
Run time of job "check_unregistered_torrents (trigger: interval[0:10:00], next run at: 2026-01-24 18:39:49 CST)" was missed by 0:00:01.006215
Execution of job "sync_download_status (trigger: interval[0:01:00], next run at: 2026-01-24 18:30:49 CST)" skipped: maximum number of running instances reached (1)
Execution of job "sync_download_status (trigger: interval[0:01:00], next run at: 2026-01-24 18:31:49 CST)" skipped: maximum number of running instances reached (1)
Execution of job "sync_download_status (trigger: interval[0:01:00], next run at: 2026-01-24 18:32:49 CST)" skipped: maximum number of running instances reached (1)
Execution of job "sync_download_status (trigger: interval[0:01:00], next run at: 2026-01-24 18:33:49 CST)" skipped: maximum number of running instances reached (1)
Execution of job "sync_download_status (trigger: interval[0:01:00], next run at: 2026-01-24 18:34:49 CST)" skipped: maximum number of running instances reached (1)
Execution of job "sync_download_status (trigger: interval[0:01:00], next run at: 2026-01-24 18:35:49 CST)" skipped: maximum number of running instances reached (1)
Execution of job "sync_download_status (trigger: interval[0:01:00], next run at: 2026-01-24 18:37:49 CST)" skipped: maximum number of running instances reached (1)
Execution of job "sync_download_status (trigger: interval[0:01:00], next run at: 2026-01-24 18:38:49 CST)" skipped: maximum number of running instances reached (1)
Execution of job "sync_download_status (trigger: interval[0:01:00], next run at: 2026-01-24 18:39:49 CST)" skipped: maximum number of running instances reached (1)
Execution of job "sync_download_status (trigger: interval[0:01:00], next run at: 2026-01-24 18:40:49 CST)" skipped: maximum number of running instances reached (1)
Execution of job "sync_download_status (trigger: interval[0:01:00], next run at: 2026-01-24 18:41:49 CST)" skipped: maximum number of running instances reached (1)
Execution of job "sync_download_status (trigger: interval[0:01:00], next run at: 2026-01-24 18:42:49 CST)" skipped: maximum number of running instances reached (1)
Execution of job "sync_download_status (trigger: interval[0:01:00], next run at: 2026-01-24 18:44:49 CST)" skipped: maximum number of running instances reached (1)
Execution of job "sync_download_status (trigger: interval[0:01:00], next run at: 2026-01-24 18:45:49 CST)" skipped: maximum number of running instances reached (1)
Execution of job "sync_download_status (trigger: interval[0:01:00], next run at: 2026-01-24 18:46:49 CST)" skipped: maximum number of running instances reached (1)
Execution of job "sync_download_status (trigger: interval[0:01:00], next run at: 2026-01-24 18:47:49 CST)" skipped: maximum number of running instances reached (1)
Execution of job "sync_download_status (trigger: interval[0:01:00], next run at: 2026-01-24 18:48:49 CST)" skipped: maximum number of running instances reached (1)
Execution of job "sync_download_status (trigger: interval[0:01:00], next run at: 2026-01-24 18:49:49 CST)" skipped: maximum number of running instances reached (1)
Execution of job "sync_download_status (trigger: interval[0:01:00], next run at: 2026-01-24 18:51:49 CST)" skipped: maximum number of running instances reached (1)
Execution of job "sync_download_status (trigger: interval[0:01:00], next run at: 2026-01-24 18:52:49 CST)" skipped: maximum number of running instances reached (1)
Execution of job "sync_download_status (trigger: interval[0:01:00], next run at: 2026-01-24 18:53:49 CST)" skipped: maximum number of running instances reached (1)
Execution of job "sync_download_status (trigger: interval[0:01:00], next run at: 2026-01-24 18:54:49 CST)" skipped: maximum number of running instances reached (1)
Execution of job "sync_download_status (trigger: interval[0:01:00], next run at: 2026-01-24 18:55:49 CST)" skipped: maximum number of running instances reached (1)
Execution of job "sync_download_status (trigger: interval[0:01:00], next run at: 2026-01-24 18:56:49 CST)" skipped: maximum number of running instances reached (1)
Execution of job "sync_download_status (trigger: interval[0:01:00], next run at: 2026-01-24 18:58:49 CST)" skipped: maximum number of running instances reached (1)
Execution of job "sync_download_status (trigger: interval[0:01:00], next run at: 2026-01-24 18:59:49 CST)" skipped: maximum number of running instances reached (1)
Run time of job "check_unregistered_torrents (trigger: interval[0:10:00], next run at: 2026-01-24 19:09:49 CST)" was missed by 0:00:02.438035
Execution of job "sync_download_status (trigger: interval[0:01:00], next run at: 2026-01-24 19:00:49 CST)" skipped: maximum number of running instances reached (1)
Execution of job "sync_download_status (trigger: interval[0:01:00], next run at: 2026-01-24 19:01:49 CST)" skipped: maximum number of running instances reached (1)
Execution of job "sync_download_status (trigger: interval[0:01:00], next run at: 2026-01-24 19:02:49 CST)" skipped: maximum number of running instances reached (1)
Execution of job "sync_download_status (trigger: interval[0:01:00], next run at: 2026-01-24 19:03:49 CST)" skipped: maximum number of running instances reached (1)
Execution of job "sync_download_status (trigger: interval[0:01:00], next run at: 2026-01-24 19:05:49 CST)" skipped: maximum number of running instances reached (1)
Execution of job "sync_download_status (trigger: interval[0:01:00], next run at: 2026-01-24 19:06:49 CST)" skipped: maximum number of running instances reached (1)
Execution of job "sync_download_status (trigger: interval[0:01:00], next run at: 2026-01-24 19:07:49 CST)" skipped: maximum number of running instances reached (1)
Execution of job "sync_download_status (trigger: interval[0:01:00], next run at: 2026-01-24 19:08:49 CST)" skipped: maximum number of running instances reached (1)
Execution of job "sync_download_status (trigger: interval[0:01:00], next run at: 2026-01-24 19:09:49 CST)" skipped: maximum number of running instances reached (1)
Execution of job "sync_download_status (trigger: interval[0:01:00], next run at: 2026-01-24 19:10:49 CST)" skipped: maximum number of running instances reached (1)
Execution of job "sync_download_status (trigger: interval[0:01:00], next run at: 2026-01-24 19:12:49 CST)" skipped: maximum number of running instances reached (1)
Execution of job "sync_download_status (trigger: interval[0:01:00], next run at: 2026-01-24 19:13:49 CST)" skipped: maximum number of running instances reached (1)
Execution of job "sync_download_status (trigger: interval[0:01:00], next run at: 2026-01-24 19:14:49 CST)" skipped: maximum number of running instances reached (1)
Execution of job "sync_download_status (trigger: interval[0:01:00], next run at: 2026-01-24 19:15:49 CST)" skipped: maximum number of running instances reached (1)
Execution of job "sync_download_status (trigger: interval[0:01:00], next run at: 2026-01-24 19:16:49 CST)" skipped: maximum number of running instances reached (1)
Execution of job "sync_download_status (trigger: interval[0:01:00], next run at: 2026-01-24 19:17:49 CST)" skipped: maximum number of running instances reached (1)
Execution of job "sync_download_status (trigger: interval[0:01:00], next run at: 2026-01-24 19:19:49 CST)" skipped: maximum number of running instances reached (1)
Execution of job "sync_download_status (trigger: interval[0:01:00], next run at: 2026-01-24 19:20:49 CST)" skipped: maximum number of running instances reached (1)
Execution of job "sync_download_status (trigger: interval[0:01:00], next run at: 2026-01-24 19:21:49 CST)" skipped: maximum number of running instances reached (1)
Execution of job "sync_download_status (trigger: interval[0:01:00], next run at: 2026-01-24 19:22:49 CST)" skipped: maximum number of running instances reached (1)
Execution of job "sync_download_status (trigger: interval[0:01:00], next run at: 2026-01-24 19:23:49 CST)" skipped: maximum number of running instances reached (1)
Execution of job "sync_download_status (trigger: interval[0:01:00], next run at: 2026-01-24 19:24:49 CST)" skipped: maximum number of running instances reached (1)
Execution of job "sync_download_status (trigger: interval[0:01:00], next run at: 2026-01-24 19:26:49 CST)" skipped: maximum number of running instances reached (1)
Execution of job "sync_download_status (trigger: interval[0:01:00], next run at: 2026-01-24 19:27:49 CST)" skipped: maximum number of running instances reached (1)
Execution of job "sync_download_status (trigger: interval[0:01:00], next run at: 2026-01-24 19:28:49 CST)" skipped: maximum number of running instances reached (1)
Execution of job "sync_download_status (trigger: interval[0:01:00], next run at: 2026-01-24 19:29:49 CST)" skipped: maximum number of running instances reached (1)
Run time of job "check_unregistered_torrents (trigger: interval[0:10:00], next run at: 2026-01-24 19:39:49 CST)" was missed by 0:00:02.604419
Execution of job "sync_download_status (trigger: interval[0:01:00], next run at: 2026-01-24 19:30:49 CST)" skipped: maximum number of running instances reached (1)
Execution of job "sync_download_status (trigger: interval[0:01:00], next run at: 2026-01-24 19:31:49 CST)" skipped: maximum number of running instances reached (1)
Execution of job "sync_download_status (trigger: interval[0:01:00], next run at: 2026-01-24 19:33:49 CST)" skipped: maximum number of running instances reached (1)
Execution of job "sync_download_status (trigger: interval[0:01:00], next run at: 2026-01-24 19:34:49 CST)" skipped: maximum number of running instances reached (1)
Execution of job "sync_download_status (trigger: interval[0:01:00], next run at: 2026-01-24 19:35:49 CST)" skipped: maximum number of running instances reached (1)
Execution of job "sync_download_status (trigger: interval[0:01:00], next run at: 2026-01-24 19:36:49 CST)" skipped: maximum number of running instances reached (1)
Execution of job "sync_download_status (trigger: interval[0:01:00], next run at: 2026-01-24 19:37:49 CST)" skipped: maximum number of running instances reached (1)
Execution of job "sync_download_status (trigger: interval[0:01:00], next run at: 2026-01-24 19:38:49 CST)" skipped: maximum number of running instances reached (1)
Execution of job "sync_download_status (trigger: interval[0:01:00], next run at: 2026-01-24 19:40:49 CST)" skipped: maximum number of running instances reached (1)
Execution of job "sync_download_status (trigger: interval[0:01:00], next run at: 2026-01-24 19:41:49 CST)" skipped: maximum number of running instances reached (1)
Execution of job "sync_download_status (trigger: interval[0:01:00], next run at: 2026-01-24 19:42:49 CST)" skipped: maximum number of running instances reached (1)
Execution of job "sync_download_status (trigger: interval[0:01:00], next run at: 2026-01-24 19:43:49 CST)" skipped: maximum number of running instances reached (1)
Execution of job "sync_download_status (trigger: interval[0:01:00], next run at: 2026-01-24 19:44:49 CST)" skipped: maximum number of running instances reached (1)
Execution of job "sync_download_status (trigger: interval[0:01:00], next run at: 2026-01-24 19:45:49 CST)" skipped: maximum number of running instances reached (1)
Execution of job "sync_download_status (trigger: interval[0:01:00], next run at: 2026-01-24 19:47:49 CST)" skipped: maximum number of running instances reached (1)
Execution of job "sync_download_status (trigger: interval[0:01:00], next run at: 2026-01-24 19:48:49 CST)" skipped: maximum number of running instances reached (1)
Execution of job "sync_download_status (trigger: interval[0:01:00], next run at: 2026-01-24 19:49:49 CST)" skipped: maximum number of running instances reached (1)
Execution of job "sync_download_status (trigger: interval[0:01:00], next run at: 2026-01-24 19:50:49 CST)" skipped: maximum number of running instances reached (1)
Execution of job "sync_download_status (trigger: interval[0:01:00], next run at: 2026-01-24 19:51:49 CST)" skipped: maximum number of running instances reached (1)
Execution of job "sync_download_status (trigger: interval[0:01:00], next run at: 2026-01-24 19:52:49 CST)" skipped: maximum number of running instances reached (1)
Execution of job "sync_download_status (trigger: interval[0:01:00], next run at: 2026-01-24 19:54:49 CST)" skipped: maximum number of running instances reached (1)
Execution of job "sync_download_status (trigger: interval[0:01:00], next run at: 2026-01-24 19:55:49 CST)" skipped: maximum number of running instances reached (1)
Execution of job "sync_download_status (trigger: interval[0:01:00], next run at: 2026-01-24 19:56:49 CST)" skipped: maximum number of running instances reached (1)
Execution of job "sync_download_status (trigger: interval[0:01:00], next run at: 2026-01-24 19:57:49 CST)" skipped: maximum number of running instances reached (1)
Execution of job "sync_download_status (trigger: interval[0:01:00], next run at: 2026-01-24 19:58:49 CST)" skipped: maximum number of running instances reached (1)
Execution of job "sync_download_status (trigger: interval[0:01:00], next run at: 2026-01-24 19:59:49 CST)" skipped: maximum number of running instances reached (1)
Run time of job "check_unregistered_torrents (trigger: interval[0:10:00], next run at: 2026-01-24 20:09:49 CST)" was missed by 0:00:02.559390
Execution of job "sync_download_status (trigger: interval[0:01:00], next run at: 2026-01-24 20:00:49 CST)" skipped: maximum number of running instances reached (1)
Execution of job "sync_download_status (trigger: interval[0:01:00], next run at: 2026-01-24 20:02:49 CST)" skipped: maximum number of running instances reached (1)
Execution of job "sync_download_status (trigger: interval[0:01:00], next run at: 2026-01-24 20:03:49 CST)" skipped: maximum number of running instances reached (1)
Execution of job "sync_download_status (trigger: interval[0:01:00], next run at: 2026-01-24 20:04:49 CST)" skipped: maximum number of running instances reached (1)
Execution of job "sync_download_status (trigger: interval[0:01:00], next run at: 2026-01-24 20:05:49 CST)" skipped: maximum number of running instances reached (1)
Execution of job "sync_download_status (trigger: interval[0:01:00], next run at: 2026-01-24 20:06:49 CST)" skipped: maximum number of running instances reached (1)
Execution of job "sync_download_status (trigger: interval[0:01:00], next run at: 2026-01-24 20:07:49 CST)" skipped: maximum number of running instances reached (1)
Execution of job "sync_download_status (trigger: interval[0:01:00], next run at: 2026-01-24 20:09:49 CST)" skipped: maximum number of running instances reached (1)
Execution of job "sync_download_status (trigger: interval[0:01:00], next run at: 2026-01-24 20:10:49 CST)" skipped: maximum number of running instances reached (1)
Execution of job "sync_download_status (trigger: interval[0:01:00], next run at: 2026-01-24 20:11:49 CST)" skipped: maximum number of running instances reached (1)
Execution of job "sync_download_status (trigger: interval[0:01:00], next run at: 2026-01-24 20:12:49 CST)" skipped: maximum number of running instances reached (1)
Execution of job "sync_download_status (trigger: interval[0:01:00], next run at: 2026-01-24 20:13:49 CST)" skipped: maximum number of running instances reached (1)
Execution of job "sync_download_status (trigger: interval[0:01:00], next run at: 2026-01-24 20:14:49 CST)" skipped: maximum number of running instances reached (1)
Execution of job "sync_download_status (trigger: interval[0:01:00], next run at: 2026-01-24 20:16:49 CST)" skipped: maximum number of running instances reached (1)
Execution of job "sync_download_status (trigger: interval[0:01:00], next run at: 2026-01-24 20:17:49 CST)" skipped: maximum number of running instances reached (1)
Execution of job "sync_download_status (trigger: interval[0:01:00], next run at: 2026-01-24 20:18:49 CST)" skipped: maximum number of running instances reached (1)
Execution of job "sync_download_status (trigger: interval[0:01:00], next run at: 2026-01-24 20:19:49 CST)" skipped: maximum number of running instances reached (1)
Execution of job "sync_download_status (trigger: interval[0:01:00], next run at: 2026-01-24 20:20:49 CST)" skipped: maximum number of running instances reached (1)
Execution of job "sync_download_status (trigger: interval[0:01:00], next run at: 2026-01-24 20:21:49 CST)" skipped: maximum number of running instances reached (1)
Execution of job "sync_download_status (trigger: interval[0:01:00], next run at: 2026-01-24 20:23:49 CST)" skipped: maximum number of running instances reached (1)
Execution of job "sync_download_status (trigger: interval[0:01:00], next run at: 2026-01-24 20:24:49 CST)" skipped: maximum number of running instances reached (1)
Execution of job "sync_download_status (trigger: interval[0:01:00], next run at: 2026-01-24 20:25:49 CST)" skipped: maximum number of running instances reached (1)
Execution of job "sync_download_status (trigger: interval[0:01:00], next run at: 2026-01-24 20:26:49 CST)" skipped: maximum number of running instances reached (1)
Execution of job "sync_download_status (trigger: interval[0:01:00], next run at: 2026-01-24 20:27:49 CST)" skipped: maximum number of running instances reached (1)
Execution of job "sync_download_status (trigger: interval[0:01:00], next run at: 2026-01-24 20:28:49 CST)" skipped: maximum number of running instances reached (1)
Execution of job "sync_download_status (trigger: interval[0:01:00], next run at: 2026-01-24 20:29:49 CST)" skipped: maximum number of running instances reached (1)
Run time of job "check_unregistered_torrents (trigger: interval[0:10:00], next run at: 2026-01-24 20:39:49 CST)" was missed by 0:00:14.259214
Execution of job "sync_download_status (trigger: interval[0:01:00], next run at: 2026-01-24 20:31:49 CST)" skipped: maximum number of running instances reached (1)
Execution of job "sync_download_status (trigger: interval[0:01:00], next run at: 2026-01-24 20:32:49 CST)" skipped: maximum number of running instances reached (1)
Execution of job "sync_download_status (trigger: interval[0:01:00], next run at: 2026-01-24 20:33:49 CST)" skipped: maximum number of running instances reached (1)
Execution of job "sync_download_status (trigger: interval[0:01:00], next run at: 2026-01-24 20:34:49 CST)" skipped: maximum number of running instances reached (1)
Execution of job "sync_download_status (trigger: interval[0:01:00], next run at: 2026-01-24 20:35:49 CST)" skipped: maximum number of running instances reached (1)
Execution of job "sync_download_status (trigger: interval[0:01:00], next run at: 2026-01-24 20:37:49 CST)" skipped: maximum number of running instances reached (1)
Execution of job "sync_download_status (trigger: interval[0:01:00], next run at: 2026-01-24 20:38:49 CST)" skipped: maximum number of running instances reached (1)
Execution of job "sync_download_status (trigger: interval[0:01:00], next run at: 2026-01-24 20:39:49 CST)" skipped: maximum number of running instances reached (1)
Execution of job "sync_download_status (trigger: interval[0:01:00], next run at: 2026-01-24 20:40:49 CST)" skipped: maximum number of running instances reached (1)
Execution of job "sync_download_status (trigger: interval[0:01:00], next run at: 2026-01-24 20:41:49 CST)" skipped: maximum number of running instances reached (1)
Execution of job "sync_download_status (trigger: interval[0:01:00], next run at: 2026-01-24 20:42:49 CST)" skipped: maximum number of running instances reached (1)
Execution of job "sync_download_status (trigger: interval[0:01:00], next run at: 2026-01-24 20:44:49 CST)" skipped: maximum number of running instances reached (1)
Execution of job "sync_download_status (trigger: interval[0:01:00], next run at: 2026-01-24 20:45:49 CST)" skipped: maximum number of running instances reached (1)
Execution of job "sync_download_status (trigger: interval[0:01:00], next run at: 2026-01-24 20:46:49 CST)" skipped: maximum number of running instances reached (1)
Execution of job "sync_download_status (trigger: interval[0:01:00], next run at: 2026-01-24 20:47:49 CST)" skipped: maximum number of running instances reached (1)
Execution of job "sync_download_status (trigger: interval[0:01:00], next run at: 2026-01-24 20:48:49 CST)" skipped: maximum number of running instances reached (1)
